// Jest Snapshot v1, https://goo.gl/fbAQLP

exports[`Slider does not crash 1`] = `
<styled.div
  tooltip={true}
>
  <styled.div>
    <styled.div
      key="one"
      onClick={[Function]}
      role="button"
    >
      <span>
        One
      </span>
    </styled.div>
    <styled.div
      key="two"
      onClick={[Function]}
      role="button"
    >
      <span>
        Two
      </span>
    </styled.div>
    <styled.div
      key="three"
      onClick={[Function]}
      role="button"
    >
      <span>
        Three
      </span>
    </styled.div>
  </styled.div>
  <Component
    max={2}
    onChange={[Function]}
    onClick={[Function]}
    onMouseLeave={[Function]}
    onTouchEnd={[Function]}
    step={0.01}
    value={-1}
  />
  <styled.div
    position={-50}
  />
</styled.div>
`;
