// Jest Snapshot v1, https://goo.gl/fbAQLP

exports[`Legend does not crash 1`] = `
<div>
  <styled.div>
    <styled.div
      circleSize={20}
      color="#111111"
      index={0}
      key="1"
      proportional={true}
      segmentsAmount={5}
    />
    <styled.div
      circleSize={20}
      color="#333333"
      index={1}
      key="2"
      proportional={true}
      segmentsAmount={5}
    />
    <styled.div
      circleSize={20}
      color="#666666"
      index={2}
      key="3"
      proportional={true}
      segmentsAmount={5}
    />
    <styled.div
      circleSize={20}
      color="#999999"
      index={3}
      key="4"
      proportional={true}
      segmentsAmount={5}
    />
    <styled.div
      circleSize={20}
      color="#AAAAAA"
      index={4}
      key="5"
      proportional={true}
      segmentsAmount={5}
    />
  </styled.div>
  <styled.div>
    <styled.div
      key="1"
    >
      0
    </styled.div>
    <styled.div
      key="2"
    >
      100
    </styled.div>
    <styled.div
      key="3"
    >
      300
    </styled.div>
    <styled.div
      key="4"
    >
      600
    </styled.div>
    <styled.div
      key="5"
    >
      900
    </styled.div>
  </styled.div>
</div>
`;
