// Jest Snapshot v1, https://goo.gl/fbAQLP

exports[`List does not crash 1`] = `
<Styled(ul)>
  <Styled(li)
    highlight={false}
    key="one"
    onClick={[Function]}
  >
    One
  </Styled(li)>
  <Styled(li)
    highlight={false}
    key="two"
    onClick={[Function]}
  >
    Two
  </Styled(li)>
  <Styled(li)
    highlight={false}
    key="three"
    onClick={[Function]}
  >
    Three
  </Styled(li)>
  <Styled(li)
    highlight={false}
    key="four"
    onClick={[Function]}
  >
    Four
  </Styled(li)>
</Styled(ul)>
`;
