// Jest Snapshot v1, https://goo.gl/fbAQLP

exports[`List does not crash 1`] = `
<styled.ul>
  <styled.li
    highlight={false}
    key="one"
    onClick={[Function]}
  >
    One
  </styled.li>
  <styled.li
    highlight={false}
    key="two"
    onClick={[Function]}
  >
    Two
  </styled.li>
  <styled.li
    highlight={false}
    key="three"
    onClick={[Function]}
  >
    Three
  </styled.li>
  <styled.li
    highlight={false}
    key="four"
    onClick={[Function]}
  >
    Four
  </styled.li>
</styled.ul>
`;
