// Jest Snapshot v1, https://goo.gl/fbAQLP

exports[`Legend does not crash 1`] = `
<div>
  <styled.div
    key="1"
  >
    <styled.div
      color="#111111"
    />
    <styled.div>
      0
    </styled.div>
  </styled.div>
  <styled.div
    key="2"
  >
    <styled.div
      color="#333333"
    />
    <styled.div>
      100
    </styled.div>
  </styled.div>
  <styled.div
    key="3"
  >
    <styled.div
      color="#666666"
    />
    <styled.div>
      300
    </styled.div>
  </styled.div>
  <styled.div
    key="4"
  >
    <styled.div
      color="#999999"
    />
    <styled.div>
      600
    </styled.div>
  </styled.div>
  <styled.div
    key="5"
  >
    <styled.div
      color="#AAAAAA"
    />
    <styled.div>
      900
    </styled.div>
  </styled.div>
</div>
`;
