// Jest Snapshot v1, https://goo.gl/fbAQLP

exports[`RadioGroup does not crash 1`] = `
<styled.div>
  <styled.button
    active={true}
    key=".0"
    onClick={[Function]}
    theme={
      Object {
        "button_backgroundColor": "#fff",
        "button_backgroundImage": "none",
        "button_borderColor": "#303d41",
        "button_borderImage": "none",
        "button_borderWidth": "1px",
        "button_color": "#303d41",
      }
    }
    value={1}
  >
    Option 1
  </styled.button>
  <styled.button
    active={false}
    key=".1"
    onClick={[Function]}
    theme={
      Object {
        "button_backgroundColor": "#fff",
        "button_backgroundImage": "none",
        "button_borderColor": "#303d41",
        "button_borderImage": "none",
        "button_borderWidth": "1px",
        "button_color": "#303d41",
      }
    }
    value={2}
  >
    Option 2
  </styled.button>
</styled.div>
`;
